03:38:30 **** Auto Build of configuration Debug for project RTCC_OLED_TMP ****
make pre-build main-build 
a9-linaro-pre-build-step
' '
'Building file: ../src/main.c'
'Invoking: ARM v7 gcc compiler'
arm-none-eabi-gcc -Wall -O0 -g3 -c -fmessage-length=0 -MT"src/main.o" -mcpu=cortex-a9 -mfpu=vfpv3 -mfloat-abi=hard -I../../RTCC_OLED_TMP_bsp/ps7_cortexa9_0/include -MMD -MP -MF"src/main.d" -MT"src/main.o" -o "src/main.o" "../src/main.c"
'Finished building: ../src/main.c'
' '
'Building target: RTCC_OLED_TMP.elf'
'Invoking: ARM v7 gcc linker'
arm-none-eabi-gcc -mcpu=cortex-a9 -mfpu=vfpv3 -mfloat-abi=hard -Wl,-build-id=none -specs=Xilinx.spec -Wl,-T -Wl,../src/lscript.ld -L../../RTCC_OLED_TMP_bsp/ps7_cortexa9_0/lib -o "RTCC_OLED_TMP.elf"  ./src/main.o   -Wl,--start-group,-lxil,-lgcc,-lc,--end-group
'Finished building target: RTCC_OLED_TMP.elf'
' '
'Invoking: ARM v7 Print Size'
arm-none-eabi-size RTCC_OLED_TMP.elf  |tee "RTCC_OLED_TMP.elf.size"
   text	   data	    bss	    dec	    hex	filename
  27312	   1172	  22680	  51164	   c7dc	RTCC_OLED_TMP.elf
'Finished building: RTCC_OLED_TMP.elf.size'
' '

03:38:32 Build Finished (took 1s.564ms)

